<?xml version="1.0" encoding="UTF-8"?>
<dataset>
    <AccountUtente nickname='p.paola' password='e21fc56c1a272b630e0d1439079d0598cf8b8329' />
    <AccountUtente nicname='m.maria' password='825e064b2c85b54b1e40c143e31f24c19bbac07b'/>
</dataset>
